../Core/Src/main.c:94:5:main	320	static
../Core/Src/main.c:421:6:SystemClock_Config	88	static
../Core/Src/main.c:468:13:MX_TIM1_Init	120	static
../Core/Src/main.c:562:13:MX_TIM2_Init	64	static
../Core/Src/main.c:633:13:MX_TIM3_Init	56	static
../Core/Src/main.c:682:13:MX_TIM4_Init	56	static
../Core/Src/main.c:731:13:MX_TIM5_Init	56	static
../Core/Src/main.c:780:13:MX_TIM8_Init	56	static
../Core/Src/main.c:831:13:MX_USART3_UART_Init	8	static
../Core/Src/main.c:879:13:MX_GPIO_Init	48	static
../Core/Src/main.c:914:6:BSP_PB_Callback	16	static
../Core/Src/main.c:926:6:Error_Handler	4	static,ignoring_inline_asm
