../Core/Src/main.c:90:6:calibrate_motor	1
../Core/Src/main.c:134:5:main	6
../Core/Src/main.c:395:6:SystemClock_Config	3
../Core/Src/main.c:442:13:MX_TIM1_Init	3
../Core/Src/main.c:493:13:MX_TIM2_Init	9
../Core/Src/main.c:564:13:MX_TIM3_Init	9
../Core/Src/main.c:635:13:MX_TIM4_Init	3
../Core/Src/main.c:684:13:MX_TIM8_Init	3
../Core/Src/main.c:735:13:MX_TIM20_Init	3
../Core/Src/main.c:786:13:MX_UART4_Init	5
../Core/Src/main.c:834:13:MX_USART3_UART_Init	5
../Core/Src/main.c:882:13:MX_GPIO_Init	1
../Core/Src/main.c:925:6:BSP_PB_Callback	2
../Core/Src/main.c:937:6:Error_Handler	1
