../Core/Src/main.c:84:5:main	328	static
../Core/Src/main.c:332:6:SystemClock_Config	88	static
../Core/Src/main.c:379:13:MX_TIM1_Init	120	static
../Core/Src/main.c:473:13:MX_TIM2_Init	64	static
../Core/Src/main.c:544:13:MX_TIM3_Init	56	static
../Core/Src/main.c:593:13:MX_TIM4_Init	56	static
../Core/Src/main.c:642:13:MX_TIM5_Init	56	static
../Core/Src/main.c:691:13:MX_TIM8_Init	56	static
../Core/Src/main.c:742:13:MX_USART3_UART_Init	8	static
../Core/Src/main.c:790:13:MX_GPIO_Init	48	static
../Core/Src/main.c:825:6:BSP_PB_Callback	16	static
../Core/Src/main.c:837:6:Error_Handler	4	static,ignoring_inline_asm
