../Core/Src/odrive_uart.c:20:6:ODrive_UART_Init	8	static
../Core/Src/odrive_uart.c:39:6:ODrive_SendCommand	16	static
../Core/Src/odrive_uart.c:52:6:ODrive_ReadResponse	24	static
../Core/Src/odrive_uart.c:69:6:ODrive_WaitForResponse	280	static
../Core/Src/odrive_uart.c:83:6:ODrive_SetAxisState	72	static
../Core/Src/odrive_uart.c:91:6:ODrive_SetControlMode	72	static
../Core/Src/odrive_uart.c:99:6:ODrive_SetVelocity	88	static
../Core/Src/odrive_uart.c:107:6:ODrive_SetPosition	88	static
../Core/Src/odrive_uart.c:115:6:ODrive_SetCurrent	88	static
../Core/Src/odrive_uart.c:123:6:ODrive_Calibrate	16	static
../Core/Src/odrive_uart.c:128:6:ODrive_ClearErrors	72	static
../Core/Src/odrive_uart.c:136:7:ODrive_GetVelocity	128	static
../Core/Src/odrive_uart.c:149:7:ODrive_GetPosition	128	static
../Core/Src/odrive_uart.c:162:7:ODrive_GetCurrent	128	static
../Core/Src/odrive_uart.c:175:10:ODrive_GetError	128	static
../Core/Src/odrive_uart.c:188:6:ODrive_IsReady	16	static
